2026-09-26T15:18:47.3908616Z Current runner version: '2.337.0'
2026-09-26T15:18:47.3937056Z ##[group]Runner Image Provisioner
2026-09-26T15:18:47.3937924Z Hosted Compute Agent
2026-09-26T15:18:47.3938461Z Version: 20260828.587
2026-09-26T15:18:47.3939034Z Commit: abac92662cab4cc7352de4f9f9d2e2419aad9c29
2026-09-26T15:18:47.3939715Z Build Date: 2026-08-28T16:44:25Z
2026-09-26T15:18:47.3940335Z Worker ID: {3088d3ba-7637-404b-a0db-ff6e80712ec4}
2026-09-26T15:18:47.3941001Z Azure Region: eastus
2026-09-26T15:18:47.3941502Z ##[endgroup]
2026-09-26T15:18:47.3942899Z ##[group]Operating System
2026-09-26T15:18:47.3943530Z Microsoft Windows Server 2022
2026-09-26T15:18:47.3944082Z 10.0.20348
2026-09-26T15:18:47.3944571Z Datacenter
2026-09-26T15:18:47.3945028Z ##[endgroup]
2026-09-26T15:18:47.3945510Z ##[group]Runner Image
2026-09-26T15:18:47.3946052Z Image: windows-2022
2026-09-26T15:18:47.3946553Z Version: 20260920.314.1
2026-09-26T15:18:47.3947848Z Included Software: https://github.com/actions/runner-images/blob/win22/20260920.314/images/windows/Windows2022-Readme.md
2026-09-26T15:18:47.3949262Z Image Release: https://github.com/actions/runner-images/releases/tag/win22%2F20260920.314
2026-09-26T15:18:47.3950154Z ##[endgroup]
2026-09-26T15:18:47.3951321Z ##[group]GITHUB_TOKEN Permissions
2026-09-26T15:18:47.3953096Z Contents: write
2026-09-26T15:18:47.3953665Z Metadata: read
2026-09-26T15:18:47.3954193Z ##[endgroup]
2026-09-26T15:18:47.3956200Z Secret source: Actions
2026-09-26T15:18:47.3957060Z Cache mode: write
2026-09-26T15:18:47.3957711Z Prepare workflow directory
2026-09-26T15:18:47.4441840Z Prepare all required actions
2026-09-26T15:18:47.4500152Z Getting action download info
2026-09-26T15:18:47.5991284Z Download action repository 'actions/checkout@v4' (SHA:11d5960a326750d5838078e36cf38b85af677262)
2026-09-26T15:18:47.7321798Z Download action repository 'actions/setup-node@v4' (SHA:49933ea5288caeca8642d1e84afbd3f7d6820020)
2026-09-26T15:18:47.8819159Z Download action repository 'actions/upload-artifact@v4' (SHA:ea165f8d65b6e75b540449e92b4886f43607fa02)
2026-09-26T15:18:48.1983525Z Complete job name: windows
2026-09-26T15:18:48.3868969Z ##[group]Run if ("v26.53.0" -notmatch '^v\d+\.\d+\.\d+$') {
2026-09-26T15:18:48.3870098Z [36;1mif ("v26.53.0" -notmatch '^v\d+\.\d+\.\d+$') {[0m
2026-09-26T15:18:48.3870876Z [36;1m  throw "tag must use vX.Y.Z"[0m
2026-09-26T15:18:48.3871507Z [36;1m}[0m
2026-09-26T15:18:48.3872137Z [36;1mif ("26.53.0" -and "26.53.0" -notmatch '^\d+\.\d+\.\d+$') {[0m
2026-09-26T15:18:48.3873046Z [36;1m  throw "minimum_version must be empty or X.Y.Z"[0m
2026-09-26T15:18:48.3873778Z [36;1m}[0m
2026-09-26T15:18:48.4020566Z shell: C:\Program Files\PowerShell\7\pwsh.EXE -command ". '{0}'"
2026-09-26T15:18:48.4022078Z env:
2026-09-26T15:18:48.4029939Z   GH_TOKEN: ***
2026-09-26T15:18:48.4030669Z   CSC_IDENTITY_AUTO_DISCOVERY: false
2026-09-26T15:18:48.4031521Z ##[endgroup]
2026-09-26T15:18:48.8607764Z ##[group]Run actions/checkout@v4
2026-09-26T15:18:48.8608564Z with:
2026-09-26T15:18:48.8609064Z   ref: v26.53.0
2026-09-26T15:18:48.8609613Z   repository: Zorblock/AeroP2Pchat
2026-09-26T15:18:48.8615270Z   token: ***
2026-09-26T15:18:48.8615771Z   ssh-strict: true
2026-09-26T15:18:48.8616274Z   ssh-user: git
2026-09-26T15:18:48.8616789Z   persist-credentials: true
2026-09-26T15:18:48.8617372Z   clean: true
2026-09-26T15:18:48.8617892Z   sparse-checkout-cone-mode: true
2026-09-26T15:18:48.8618515Z   fetch-depth: 1
2026-09-26T15:18:48.8618994Z   fetch-tags: false
2026-09-26T15:18:48.8619458Z   show-progress: true
2026-09-26T15:18:48.8619918Z   lfs: false
2026-09-26T15:18:48.8620349Z   submodules: false
2026-09-26T15:18:48.8620825Z   set-safe-directory: true
2026-09-26T15:18:48.8621349Z   allow-unsafe-pr-checkout: false
2026-09-26T15:18:48.8621911Z env:
2026-09-26T15:18:48.8626173Z   GH_TOKEN: ***
2026-09-26T15:18:48.8626689Z   CSC_IDENTITY_AUTO_DISCOVERY: false
2026-09-26T15:18:48.8627256Z ##[endgroup]
2026-09-26T15:18:49.0001607Z Syncing repository: Zorblock/AeroP2Pchat
2026-09-26T15:18:49.0006634Z ##[group]Getting Git version info
2026-09-26T15:18:49.0007367Z Working directory is 'D:\a\AeroP2Pchat\AeroP2Pchat'
2026-09-26T15:18:49.1029182Z [command]"C:\Program Files\Git\bin\git.exe" version
2026-09-26T15:18:49.5074778Z git version 2.55.0.windows.5
2026-09-26T15:18:49.5115975Z ##[endgroup]
2026-09-26T15:18:49.5134551Z Temporarily overriding HOME='D:\a\_temp\704fc50b-e8bd-46e7-96d4-105cfa1603ad' before making global git config changes
2026-09-26T15:18:49.5136508Z Adding repository directory to the temporary git global config as a safe directory
2026-09-26T15:18:49.5145639Z [command]"C:\Program Files\Git\bin\git.exe" config --global --add safe.directory D:\a\AeroP2Pchat\AeroP2Pchat
2026-09-26T15:18:49.5668289Z Deleting the contents of 'D:\a\AeroP2Pchat\AeroP2Pchat'
2026-09-26T15:18:49.5673592Z ##[group]Initializing the repository
2026-09-26T15:18:49.5761808Z [command]"C:\Program Files\Git\bin\git.exe" init D:\a\AeroP2Pchat\AeroP2Pchat
2026-09-26T15:18:49.6482089Z Initialized empty Git repository in D:/a/AeroP2Pchat/AeroP2Pchat/.git/
2026-09-26T15:18:49.6520404Z [command]"C:\Program Files\Git\bin\git.exe" remote add origin https://github.com/Zorblock/AeroP2Pchat
2026-09-26T15:18:49.7051043Z ##[endgroup]
2026-09-26T15:18:49.7052921Z ##[group]Disabling automatic garbage collection
2026-09-26T15:18:49.7059378Z [command]"C:\Program Files\Git\bin\git.exe" config --local gc.auto 0
2026-09-26T15:18:49.7287448Z ##[endgroup]
2026-09-26T15:18:49.7289245Z ##[group]Setting up auth
2026-09-26T15:18:49.7299396Z [command]"C:\Program Files\Git\bin\git.exe" config --local --name-only --get-regexp core\.sshCommand
2026-09-26T15:18:49.7526791Z [command]"C:\Program Files\Git\bin\git.exe" submodule foreach --recursive "sh -c \"git config --local --name-only --get-regexp 'core\.sshCommand' && git config --local --unset-all 'core.sshCommand' || :\""
2026-09-26T15:18:51.1671246Z [command]"C:\Program Files\Git\bin\git.exe" config --local --name-only --get-regexp http\.https\:\/\/github\.com\/\.extraheader
2026-09-26T15:18:51.1903359Z [command]"C:\Program Files\Git\bin\git.exe" submodule foreach --recursive "sh -c \"git config --local --name-only --get-regexp 'http\.https\:\/\/github\.com\/\.extraheader' && git config --local --unset-all 'http.https://github.com/.extraheader' || :\""
2026-09-26T15:18:51.5992451Z [command]"C:\Program Files\Git\bin\git.exe" config --local --name-only --get-regexp ^includeIf\.gitdir:
2026-09-26T15:18:51.6236138Z [command]"C:\Program Files\Git\bin\git.exe" submodule foreach --recursive "git config --local --show-origin --name-only --get-regexp remote.origin.url"
2026-09-26T15:18:52.0539830Z [command]"C:\Program Files\Git\bin\git.exe" config --local http.https://github.com/.extraheader "AUTHORIZATION: basic ***"
2026-09-26T15:18:52.0778653Z ##[endgroup]
2026-09-26T15:18:52.0779288Z ##[group]Fetching the repository
2026-09-26T15:18:52.0794827Z [command]"C:\Program Files\Git\bin\git.exe" -c protocol.version=2 fetch --no-tags --prune --no-recurse-submodules --depth=1 origin +refs/heads/v26.53.0*:refs/remotes/origin/v26.53.0* +refs/tags/v26.53.0*:refs/tags/v26.53.0*
2026-09-26T15:18:53.3223897Z From https://github.com/Zorblock/AeroP2Pchat
2026-09-26T15:18:53.3224436Z  * [new tag]         v26.53.0   -> v26.53.0
2026-09-26T15:18:53.3258335Z ##[endgroup]
2026-09-26T15:18:53.3259130Z ##[group]Determining the checkout info
2026-09-26T15:18:53.3270472Z [command]"C:\Program Files\Git\bin\git.exe" branch --list --remote origin/v26.53.0
2026-09-26T15:18:53.3608884Z [command]"C:\Program Files\Git\bin\git.exe" tag --list v26.53.0
2026-09-26T15:18:53.3905510Z v26.53.0
2026-09-26T15:18:53.3930251Z ##[endgroup]
2026-09-26T15:18:53.3939247Z [command]"C:\Program Files\Git\bin\git.exe" sparse-checkout disable
2026-09-26T15:18:53.4282094Z [command]"C:\Program Files\Git\bin\git.exe" config --local --unset-all extensions.worktreeConfig
2026-09-26T15:18:53.4500608Z ##[group]Checking out the ref
2026-09-26T15:18:53.4508895Z [command]"C:\Program Files\Git\bin\git.exe" checkout --progress --force refs/tags/v26.53.0
2026-09-26T15:18:53.6116504Z Note: switching to 'refs/tags/v26.53.0'.
2026-09-26T15:18:53.6116973Z 
2026-09-26T15:18:53.6117367Z You are in 'detached HEAD' state. You can look around, make experimental
2026-09-26T15:18:53.6118266Z changes and commit them, and you can discard any commits you make in this
2026-09-26T15:18:53.6119167Z state without impacting any branches by switching back to a branch.
2026-09-26T15:18:53.6119684Z 
2026-09-26T15:18:53.6120006Z If you want to create a new branch to retain commits you create, you may
2026-09-26T15:18:53.6120788Z do so (now or later) by using -c with the switch command. Example:
2026-09-26T15:18:53.6121256Z 
2026-09-26T15:18:53.6121501Z   git switch -c <new-branch-name>
2026-09-26T15:18:53.6121840Z 
2026-09-26T15:18:53.6122004Z Or undo this operation with:
2026-09-26T15:18:53.6122269Z 
2026-09-26T15:18:53.6122435Z   git switch -
2026-09-26T15:18:53.6122634Z 
2026-09-26T15:18:53.6123008Z Turn off this advice by setting config variable advice.detachedHead to false
2026-09-26T15:18:53.6123615Z 
2026-09-26T15:18:53.6123847Z HEAD is now at 43e9f58 chore: release v26.53.0
2026-09-26T15:18:53.6252583Z ##[endgroup]
2026-09-26T15:18:53.6580114Z [command]"C:\Program Files\Git\bin\git.exe" log -1 --format=%H
2026-09-26T15:18:53.6787106Z 43e9f58e45a93124a29e9d064ead11865874bccc
2026-09-26T15:18:53.7280479Z ##[group]Run actions/setup-node@v4
2026-09-26T15:18:53.7280871Z with:
2026-09-26T15:18:53.7281093Z   node-version: 22
2026-09-26T15:18:53.7281325Z   cache: npm
2026-09-26T15:18:53.7281542Z   always-auth: false
2026-09-26T15:18:53.7281796Z   check-latest: false
2026-09-26T15:18:53.7285216Z   token: ***
2026-09-26T15:18:53.7285441Z env:
2026-09-26T15:18:53.7288737Z   GH_TOKEN: ***
2026-09-26T15:18:53.7288985Z   CSC_IDENTITY_AUTO_DISCOVERY: false
2026-09-26T15:18:53.7289274Z ##[endgroup]
2026-09-26T15:18:53.8911326Z Found in cache @ C:\hostedtoolcache\windows\node\22.23.2\x64
2026-09-26T15:18:53.8918097Z (node:1516) [DEP0040] DeprecationWarning: The `punycode` module is deprecated. Please use a userland alternative instead.
2026-09-26T15:18:53.8918817Z (Use `node --trace-deprecation ...` to show where the warning was created)
2026-09-26T15:18:53.8921727Z ##[group]Environment details
2026-09-26T15:18:59.0061805Z node: v22.23.2
2026-09-26T15:18:59.0062221Z npm: 10.9.8
2026-09-26T15:18:59.0062801Z yarn: 1.22.22
2026-09-26T15:18:59.0064160Z ##[endgroup]
2026-09-26T15:18:59.0849949Z [command]C:\Windows\system32\cmd.exe /D /S /C "C:\hostedtoolcache\windows\node\22.23.2\x64\npm.cmd config get cache"
2026-09-26T15:18:59.6131342Z C:\npm\cache
2026-09-26T15:18:59.8710431Z npm cache is not found
2026-09-26T15:18:59.8950099Z ##[group]Run npm ci
2026-09-26T15:18:59.8950480Z [36;1mnpm ci[0m
2026-09-26T15:18:59.8991967Z shell: C:\Program Files\PowerShell\7\pwsh.EXE -command ". '{0}'"
2026-09-26T15:18:59.8992311Z env:
2026-09-26T15:18:59.8995062Z   GH_TOKEN: ***
2026-09-26T15:18:59.8995273Z   CSC_IDENTITY_AUTO_DISCOVERY: false
2026-09-26T15:18:59.8995533Z ##[endgroup]
2026-09-26T15:19:04.8360029Z npm warn deprecated inflight@1.0.6: This module is not supported, and leaks memory. Do not use it. Check out lru-cache if you want a good and tested way to coalesce async requests by a key value, which is much more comprehensive and powerful.
2026-09-26T15:19:05.0909979Z npm warn deprecated rimraf@2.6.3: Rimraf versions prior to v4 are no longer supported
2026-09-26T15:19:06.5414741Z npm warn deprecated glob@7.2.3: Old versions of glob are not supported, and contain widely publicized security vulnerabilities, which have been fixed in the current version. Please update. Support for old versions may be purchased (at exorbitant rates) by contacting i@izs.me
2026-09-26T15:19:07.3466801Z npm warn deprecated boolean@3.2.0: Package no longer supported. Contact Support at https://www.npmjs.com/support for more info.
2026-09-26T15:19:08.9827991Z npm warn deprecated glob@10.5.0: Old versions of glob are not supported, and contain widely publicized security vulnerabilities, which have been fixed in the current version. Please update. Support for old versions may be purchased (at exorbitant rates) by contacting i@izs.me
2026-09-26T15:19:16.5919543Z 
2026-09-26T15:19:16.5920340Z > aero-p2p-chat@26.53.0 postinstall
2026-09-26T15:19:16.5920937Z > node node_modules/electron/install.js
2026-09-26T15:19:16.5921244Z 
2026-09-26T15:19:20.0607567Z 
2026-09-26T15:19:20.0608536Z added 488 packages, and audited 489 packages in 20s
2026-09-26T15:19:20.0609131Z 
2026-09-26T15:19:20.0609483Z 85 packages are looking for funding
2026-09-26T15:19:20.0610107Z   run `npm fund` for details
2026-09-26T15:19:20.0622648Z 
2026-09-26T15:19:20.0624061Z found 0 vulnerabilities
2026-09-26T15:19:21.9228487Z ##[group]Run npm run test
2026-09-26T15:19:21.9228818Z [36;1mnpm run test[0m
2026-09-26T15:19:21.9267564Z shell: C:\Program Files\PowerShell\7\pwsh.EXE -command ". '{0}'"
2026-09-26T15:19:21.9267909Z env:
2026-09-26T15:19:21.9270644Z   GH_TOKEN: ***
2026-09-26T15:19:21.9270875Z   CSC_IDENTITY_AUTO_DISCOVERY: false
2026-09-26T15:19:21.9271126Z ##[endgroup]
2026-09-26T15:19:22.5866601Z 
2026-09-26T15:19:22.5867573Z > aero-p2p-chat@26.53.0 test
2026-09-26T15:19:22.5874220Z > node scripts/run-logged-command.cjs test --shell "node --check src/main/index.js && node --check src/main/config-crypto.js && node --check src/preload/index.js && node --check src/renderer/update-security.mjs && node --check electron-builder.config.cjs && node --check scripts/build-chrome-extension.cjs && node --check scripts/build-linux.cjs && node --check scripts/doctor.cjs && node --check scripts/build-store.cjs && node --check scripts/ci-build-release.cjs && node --check scripts/ci-create-latest.cjs && node --check scripts/ci-append-linux-latest.cjs && node --check scripts/promote-release-artifacts.cjs && node --check scripts/dev-one.cjs && node --check scripts/dev-two.cjs && node --check scripts/runtime-log.cjs && node --check scripts/publish-chrome-extension.cjs && node --check scripts/scan-virustotal.cjs && node --check scripts/release-help.cjs && node --check scripts/release.cjs && node --check scripts/run-electron-vite.cjs && node --check scripts/run-logged-command.cjs && node scripts/test-config-crypto.cjs && node scripts/test-file-security.mjs && node scripts/test-update-security.mjs && node scripts/test-release.cjs"
2026-09-26T15:19:22.5879522Z 
2026-09-26T15:19:22.6532468Z [2026-09-26T15:19:22.644Z] npm run test
2026-09-26T15:19:22.6542887Z Command: node --check src/main/index.js && node --check src/main/config-crypto.js && node --check src/preload/index.js && node --check src/renderer/update-security.mjs && node --check electron-builder.config.cjs && node --check scripts/build-chrome-extension.cjs && node --check scripts/build-linux.cjs && node --check scripts/doctor.cjs && node --check scripts/build-store.cjs && node --check scripts/ci-build-release.cjs && node --check scripts/ci-create-latest.cjs && node --check scripts/ci-append-linux-latest.cjs && node --check scripts/promote-release-artifacts.cjs && node --check scripts/dev-one.cjs && node --check scripts/dev-two.cjs && node --check scripts/runtime-log.cjs && node --check scripts/publish-chrome-extension.cjs && node --check scripts/scan-virustotal.cjs && node --check scripts/release-help.cjs && node --check scripts/release.cjs && node --check scripts/run-electron-vite.cjs && node --check scripts/run-logged-command.cjs && node scripts/test-config-crypto.cjs && node scripts/test-file-security.mjs && node scripts/test-update-security.mjs && node scripts/test-release.cjs 
2026-09-26T15:19:22.6550759Z Log file: .logs\test\2026-09-26T15-19-22-641Z.log
2026-09-26T15:19:22.6551135Z 
2026-09-26T15:19:23.6124078Z Secure config crypto and legacy migration checks passed.
2026-09-26T15:19:23.7220169Z File security tests passed.
2026-09-26T15:19:23.7751621Z Update security tests passed.
2026-09-26T15:19:23.8214031Z Release workflow tests passed.
2026-09-26T15:19:23.8290982Z 
2026-09-26T15:19:23.8291562Z [2026-09-26T15:19:23.821Z] Command finished with exit code 0.
2026-09-26T15:19:23.9025975Z ##[group]Run node scripts/ci-build-release.cjs --platform=windows --version=v26.53.0
2026-09-26T15:19:23.9026668Z [36;1mnode scripts/ci-build-release.cjs --platform=windows --version=v26.53.0[0m
2026-09-26T15:19:23.9065280Z shell: C:\Program Files\PowerShell\7\pwsh.EXE -command ". '{0}'"
2026-09-26T15:19:23.9065616Z env:
2026-09-26T15:19:23.9068343Z   GH_TOKEN: ***
2026-09-26T15:19:23.9068560Z   CSC_IDENTITY_AUTO_DISCOVERY: false
2026-09-26T15:19:23.9068802Z ##[endgroup]
2026-09-26T15:19:24.8036608Z [36mvite v8.1.2 [32mbuilding ssr environment for production...[36m[39m
2026-09-26T15:19:24.8219899Z [2K
2026-09-26T15:19:24.8347165Z transforming...✓ 3 modules transformed.
2026-09-26T15:19:24.8455587Z rendering chunks...
2026-09-26T15:19:24.8534082Z out/main/index.js  92.72 kB
2026-09-26T15:19:24.8534349Z 
2026-09-26T15:19:24.8540643Z [32m✓ built in 49ms[39m
2026-09-26T15:19:24.8601146Z [36mvite v8.1.2 [32mbuilding ssr environment for production...[36m[39m
2026-09-26T15:19:24.8662498Z [2K
2026-09-26T15:19:24.8677315Z transforming...✓ 2 modules transformed.
2026-09-26T15:19:24.8697371Z rendering chunks...
2026-09-26T15:19:24.8750128Z out/preload/index.js  6.29 kB
2026-09-26T15:19:24.8750436Z 
2026-09-26T15:19:24.8750766Z [32m✓ built in 12ms[39m
2026-09-26T15:19:24.8785951Z [36mvite v8.1.2 [32mbuilding client environment for production...[36m[39m
2026-09-26T15:19:24.8852491Z [2K
2026-09-26T15:19:24.9626641Z <script src="toast.js"> in "/toast.html" can't be bundled without type="module" attribute
2026-09-26T15:19:25.1884880Z transforming...✓ 130 modules transformed.
2026-09-26T15:19:25.2379718Z rendering chunks...
2026-09-26T15:19:25.3021387Z out/renderer/toast.html                                     0.63 kB
2026-09-26T15:19:25.3022558Z out/renderer/call-health.html                               3.58 kB
2026-09-26T15:19:25.3023159Z out/renderer/assets/fa-regular-400-nyy7hhHF.woff2          18.92 kB
2026-09-26T15:19:25.3023752Z out/renderer/assets/TwemojiCountryFlags-Bymva2JV.woff2     78.29 kB
2026-09-26T15:19:25.3024238Z out/renderer/index.html                                    99.22 kB
2026-09-26T15:19:25.3024727Z out/renderer/assets/fa-brands-400-BP5tdqmh.woff2          110.08 kB
2026-09-26T15:19:25.3025216Z out/renderer/assets/fa-solid-900-DRAAbZTg.woff2           114.74 kB
2026-09-26T15:19:25.3025697Z out/renderer/assets/data-Cgo0DLSN.json                    430.58 kB
2026-09-26T15:19:25.3026188Z out/renderer/assets/background-bYks33KS.png             1,056.88 kB
2026-09-26T15:19:25.3026676Z out/renderer/assets/app-4RHdOiLU.png                    1,066.95 kB
2026-09-26T15:19:25.3027157Z out/renderer/assets/callHealth-DC0WW9HE.css                 2.83 kB
2026-09-26T15:19:25.3027639Z out/renderer/assets/toast-7tHI6Uhe.css                      4.41 kB
2026-09-26T15:19:25.3028487Z out/renderer/assets/vendor-jlQ9UFtt.css                    81.09 kB
2026-09-26T15:19:25.3029423Z out/renderer/assets/index-58jO4N4E.css                    151.83 kB
2026-09-26T15:19:25.3030347Z out/renderer/assets/dist-C3PjDU5S.js                        0.09 kB
2026-09-26T15:19:25.3031800Z out/renderer/assets/picker-DnGB59zq.js                      0.14 kB
2026-09-26T15:19:25.3032767Z out/renderer/assets/rolldown-runtime-B-1-B7_t.js            1.40 kB
2026-09-26T15:19:25.3033701Z out/renderer/assets/callHealth-UZHsMMV1.js                  5.83 kB
2026-09-26T15:19:25.3034962Z out/renderer/assets/browser-DbZ8jujI.js                    71.06 kB
2026-09-26T15:19:25.3036219Z out/renderer/assets/jsQR-RzVVTePj.js                      233.11 kB
2026-09-26T15:19:25.3037041Z out/renderer/assets/index-DCGTMwQG.js                     517.10 kB
2026-09-26T15:19:25.3037834Z out/renderer/assets/vendor-BBfNjSe3.js                    693.52 kB
2026-09-26T15:19:25.3039683Z 
2026-09-26T15:19:25.3040179Z [32m✓ built in 424ms[39m
2026-09-26T15:19:25.3317094Z D:\a\AeroP2Pchat\AeroP2Pchat\scripts\ci-build-release.cjs:34
2026-09-26T15:19:25.3321762Z   if (result.error) throw result.error;
2026-09-26T15:19:25.3322255Z                     ^
2026-09-26T15:19:25.3322459Z 
2026-09-26T15:19:25.3322668Z Error: spawnSync npx.cmd EINVAL
2026-09-26T15:19:25.3323322Z     at Object.spawnSync (node:internal/child_process:1120:20)
2026-09-26T15:19:25.3323875Z     at spawnSync (node:child_process:902:24)
2026-09-26T15:19:25.3324542Z     at run (D:\a\AeroP2Pchat\AeroP2Pchat\scripts\ci-build-release.cjs:28:18)
2026-09-26T15:19:25.3325396Z     at buildWindows (D:\a\AeroP2Pchat\AeroP2Pchat\scripts\ci-build-release.cjs:85:3)
2026-09-26T15:19:25.3326461Z     at Object.<anonymous> (D:\a\AeroP2Pchat\AeroP2Pchat\scripts\ci-build-release.cjs:105:6)
2026-09-26T15:19:25.3327323Z     at Module._compile (node:internal/modules/cjs/loader:1781:14)
2026-09-26T15:19:25.3327976Z     at Object..js (node:internal/modules/cjs/loader:1913:10)
2026-09-26T15:19:25.3328586Z     at Module.load (node:internal/modules/cjs/loader:1505:32)
2026-09-26T15:19:25.3329339Z     at Function._load (node:internal/modules/cjs/loader:1309:12)
2026-09-26T15:19:25.3330078Z     at wrapModuleLoad (node:internal/modules/cjs/loader:254:19) {
2026-09-26T15:19:25.3330611Z   errno: -4071,
2026-09-26T15:19:25.3330993Z   code: 'EINVAL',
2026-09-26T15:19:25.3331335Z   syscall: 'spawnSync npx.cmd',
2026-09-26T15:19:25.3331709Z   path: 'npx.cmd',
2026-09-26T15:19:25.3332007Z   spawnargs: [
2026-09-26T15:19:25.3332324Z     'electron-builder',
2026-09-26T15:19:25.3332637Z     '--config',
2026-09-26T15:19:25.3332975Z     'electron-builder.config.cjs',
2026-09-26T15:19:25.3333366Z     '--win',
2026-09-26T15:19:25.3333638Z     'nsis',
2026-09-26T15:19:25.3333876Z     '--x64',
2026-09-26T15:19:25.3334154Z     '--publish',
2026-09-26T15:19:25.3334432Z     'never',
2026-09-26T15:19:25.3334858Z     '--config.directories.output=dist/build/windows/setup'
2026-09-26T15:19:25.3335338Z   ]
2026-09-26T15:19:25.3335592Z }
2026-09-26T15:19:25.3335757Z 
2026-09-26T15:19:25.3335902Z Node.js v22.23.2
2026-09-26T15:19:25.4261936Z ##[error]Process completed with exit code 1.
2026-09-26T15:19:25.4482579Z Post job cleanup.
2026-09-26T15:19:25.6414570Z [command]"C:\Program Files\Git\bin\git.exe" version
2026-09-26T15:19:25.6621978Z git version 2.55.0.windows.5
2026-09-26T15:19:25.6683260Z Temporarily overriding HOME='D:\a\_temp\aa3fa13f-d86e-4c27-99c1-4a491d79ee53' before making global git config changes
2026-09-26T15:19:25.6684747Z Adding repository directory to the temporary git global config as a safe directory
2026-09-26T15:19:25.6695829Z [command]"C:\Program Files\Git\bin\git.exe" config --global --add safe.directory D:\a\AeroP2Pchat\AeroP2Pchat
2026-09-26T15:19:25.6949740Z [command]"C:\Program Files\Git\bin\git.exe" config --local --name-only --get-regexp core\.sshCommand
2026-09-26T15:19:25.7254559Z [command]"C:\Program Files\Git\bin\git.exe" submodule foreach --recursive "sh -c \"git config --local --name-only --get-regexp 'core\.sshCommand' && git config --local --unset-all 'core.sshCommand' || :\""
2026-09-26T15:19:26.1690661Z [command]"C:\Program Files\Git\bin\git.exe" config --local --name-only --get-regexp http\.https\:\/\/github\.com\/\.extraheader
2026-09-26T15:19:26.1884793Z http.https://github.com/.extraheader
2026-09-26T15:19:26.1916542Z [command]"C:\Program Files\Git\bin\git.exe" config --local --unset-all http.https://github.com/.extraheader
2026-09-26T15:19:26.2139307Z [command]"C:\Program Files\Git\bin\git.exe" submodule foreach --recursive "sh -c \"git config --local --name-only --get-regexp 'http\.https\:\/\/github\.com\/\.extraheader' && git config --local --unset-all 'http.https://github.com/.extraheader' || :\""
2026-09-26T15:19:26.6212226Z [command]"C:\Program Files\Git\bin\git.exe" config --local --name-only --get-regexp ^includeIf\.gitdir:
2026-09-26T15:19:26.6436040Z [command]"C:\Program Files\Git\bin\git.exe" submodule foreach --recursive "git config --local --show-origin --name-only --get-regexp remote.origin.url"
2026-09-26T15:19:27.1068324Z Cleaning up orphan processes
2026-09-26T15:19:27.1098987Z ##[warning]Node.js 20 is deprecated. The following actions target Node.js 20 but are being forced to run on Node.js 24: actions/checkout@v4, actions/setup-node@v4. For more information see: https://github.blog/changelog/2025-09-19-deprecation-of-node-20-on-github-actions-runners/